============================= test session starts =============================
platform win32 -- Python 3.10.8, pytest-9.0.2, pluggy-1.6.0 -- C:\Users\SAAD\AppData\Local\Programs\Python\Python310\python.exe
cachedir: .pytest_cache
rootdir: C:\Users\SAAD\Desktop\Task_Tanent\backend
configfile: pytest.ini
plugins: anyio-4.12.1, asyncio-1.3.0
asyncio: mode=auto, debug=False, asyncio_default_fixture_loop_scope=None, asyncio_default_test_loop_scope=function
collecting ... collected 1 item

tests/test_company.py::TestCompanyEndpoints::test_get_my_company FAILED

================================== FAILURES ===================================
__________________ TestCompanyEndpoints.test_get_my_company ___________________
tests\test_company.py:27: in test_get_my_company
    assert data["name"] == "Test Company"
E   AssertionError: assert 'Test Company 371560' == 'Test Company'
E     
E     - Test Company
E     + Test Company 371560
E     ?             +++++++
----------------------------- Captured log setup ------------------------------
DEBUG    asyncio:proactor_events.py:626 Using proactor: IocpProactor
DEBUG    asyncio:proactor_events.py:626 Using proactor: IocpProactor
------------------------------ Captured log call ------------------------------
INFO     httpx:_client.py:1740 HTTP Request: GET http://test/api/v1/company/me "HTTP/1.1 200 OK"
============================== warnings summary ===============================
app\main.py:66
  C:\Users\SAAD\Desktop\Task_Tanent\backend\app\main.py:66: DeprecationWarning: 
          on_event is deprecated, use lifespan event handlers instead.
  
          Read more about it in the
          [FastAPI docs for Lifespan Events](https://fastapi.tiangolo.com/advanced/events/).
          
    @app.on_event("shutdown")

..\..\..\AppData\Local\Programs\Python\Python310\lib\site-packages\fastapi\applications.py:4599
  C:\Users\SAAD\AppData\Local\Programs\Python\Python310\lib\site-packages\fastapi\applications.py:4599: DeprecationWarning: 
          on_event is deprecated, use lifespan event handlers instead.
  
          Read more about it in the
          [FastAPI docs for Lifespan Events](https://fastapi.tiangolo.com/advanced/events/).
          
    return self.router.on_event(event_type)

-- Docs: https://docs.pytest.org/en/stable/how-to/capture-warnings.html
=========================== short test summary info ===========================
FAILED tests/test_company.py::TestCompanyEndpoints::test_get_my_company - AssertionError: assert 'Test Company 371560' == 'Test Company'
  
  - Test Company
  + Test Company 371560
  ?             +++++++
======================= 1 failed, 2 warnings in 15.90s ========================
